--------------------------------------------------------------------------------------
Timing Analyzer Summary
--------------------------------------------------------------------------------------

Type           : Worst-case tco
Slack          : N/A
Required Time  : None
Actual Time    : 7.884 ns
From           : CounterNbit:Cntr1|Counter[0]
To             : Out
From Clock     : Clk
To Clock       : --
Failed Paths   : 0

Type           : Worst-case tpd
Slack          : N/A
Required Time  : None
Actual Time    : 10.056 ns
From           : Sel
To             : Out
From Clock     : --
To Clock       : --
Failed Paths   : 0

Type           : Clock Setup: 'Clk'
Slack          : N/A
Required Time  : None
Actual Time    : Restricted to 275.03 MHz ( period = 3.636 ns )
From           : CounterNbit:Cntr1|Counter[2]
To             : CounterNbit:Cntr1|Counter[2]
From Clock     : Clk
To Clock       : Clk
Failed Paths   : 0

Type           : Total number of failed paths
Slack          : 
Required Time  : 
Actual Time    : 
From           : 
To             : 
From Clock     : 
To Clock       : 
Failed Paths   : 0

--------------------------------------------------------------------------------------

